<html>
<body>
<pre>
<h1>µVision Build Log</h1>
<h2>Project:</h2>
C:\Ameya\Projects\TM4C_Projects\TLV5616_4C123\MAX5353.uvproj
Project File Date:  08/18/2020

<h2>Output:</h2>
Build target 'MAX5353'
assembling startup.s...
compiling SysTick.c...
compiling ssi.c...
compiling interrupt.c...
compiling sysctl.c...
compiling cpu.c...
compiling UART.c...
compiling PLL.c...
compiling gpio.c...
compiling main.c...
compiling tlv5616.c...
linking...
Program Size: Code=1488 RO-data=16 RW-data=0 ZI-data=1120  
".\MAX5353.axf" - 0 Error(s), 0 Warning(s).
: warning:  #1-D: last line of file ends without a newline
  }     
tlv5616.c: 1 warning, 0 errors
linking...
Program Size: Code=1488 RO-data=16 RW-data=0 ZI-data=1120  
".\MAX5353.axf" - 0 Error(s), 2 Warning(s).
Clean started: Project: 'MAX5353'
   deleting intermediate output files for target 'MAX5353'
